============================= test session starts ==============================
platform darwin -- Python 3.12.13, pytest-9.1.1, pluggy-1.6.0
rootdir: /private/tmp/heat-index-phase2-worktree-audit
configfile: pytest.ini
collected 121 items / 6 deselected / 115 selected

tests/test_part_e_dynamic_sampling.py ..                                 [  1%]
tests/test_part_e_multi_source.py .                                      [  2%]
tests/test_pilot_regression.py .                                         [  3%]
tests/test_polygon_and_canonical.py .....                                [  7%]
tests/test_result_index.py .                                             [  8%]
tests/test_routing.py ......                                             [ 13%]
tests/test_run_analysis_integration.py ...                               [ 16%]
tests/test_v02_cache_schema_extremes.py .....                            [ 20%]
tests/test_v02_part_a_b0_and_full_b.py ....                              [ 24%]
tests/test_v02_part_c_controller.py .s......                             [ 31%]
tests/test_v02_part_e_formal.py .                                        [ 32%]
tests/test_v02_pilot_numeric_baseline.py ..                              [ 33%]
tests/test_v02_run_analysis_routes.py ..                                 [ 35%]
tests/test_v02_tat3_manual.py ....                                       [ 39%]
tests/test_v02_temperature_extraction.py ....                            [ 42%]
tests/test_v032_capture_time.py .........                                [ 50%]
tests/test_v032_luhk_integration.py .......                              [ 56%]
tests/test_v032_part_e_target_scope.py ....                              [ 60%]
tests/test_v03_config_and_cli.py ..                                      [ 61%]
tests/test_v03_spatial_figures.py ....                                   [ 65%]
tests/test_v03_temporal_analysis.py ......................               [ 84%]
tests/test_v03_user_workflow.py .....F......                             [ 94%]
tests/test_workflow_models_and_inputs.py ......                          [100%]

=================================== FAILURES ===================================
_ UserWorkflowTests.test_gui_pythonw_launcher_uses_console_python_for_child_logs _

self = <tests.test_v03_user_workflow.UserWorkflowTests testMethod=test_gui_pythonw_launcher_uses_console_python_for_child_logs>

    def test_gui_pythonw_launcher_uses_console_python_for_child_logs(self) -> None:
        with patch("scripts.run_user_workflow.os.name", "nt"), patch(
            "scripts.run_user_workflow.sys.executable", str(PROJECT_ROOT / ".venv" / "Scripts" / "pythonw.exe")
        ):
            self.assertEqual(
>               workflow_python(),
                ^^^^^^^^^^^^^^^^^
                str(PROJECT_ROOT / ".venv" / "Scripts" / "python.exe"),
            )

tests/test_v03_user_workflow.py:31: 
_ _ _ _ _ _ _ _ _ _ _ _ _ _ _ _ _ _ _ _ _ _ _ _ _ _ _ _ _ _ _ _ _ _ _ _ _ _ _ _ 
scripts/run_user_workflow.py:33: in workflow_python
    console = executable.with_name("python.exe")
              ^^^^^^^^^^^^^^^^^^^^^^^^^^^^^^^^^^
/tmp/heat-index-audit-py312-tk/lib/python3.12/pathlib.py:635: in with_name
    return self._from_parsed_parts(self.drive, self.root,
/tmp/heat-index-audit-py312-tk/lib/python3.12/pathlib.py:422: in _from_parsed_parts
    path = self.with_segments(path_str)
           ^^^^^^^^^^^^^^^^^^^^^^^^^^^^
/tmp/heat-index-audit-py312-tk/lib/python3.12/pathlib.py:385: in with_segments
    return type(self)(*pathsegments)
           ^^^^^^^^^^^^^^^^^^^^^^^^^
_ _ _ _ _ _ _ _ _ _ _ _ _ _ _ _ _ _ _ _ _ _ _ _ _ _ _ _ _ _ _ _ _ _ _ _ _ _ _ _ 

cls = <class 'pathlib.WindowsPath'>
args = ('\\private\\tmp\\heat-index-phase2-worktree-audit\\.venv\\Scripts\\python.exe',)
kwargs = {}

    def __new__(cls, *args, **kwargs):
>       raise NotImplementedError(
            f"cannot instantiate {cls.__name__!r} on your system")
E       NotImplementedError: cannot instantiate 'WindowsPath' on your system

/tmp/heat-index-audit-py312-tk/lib/python3.12/pathlib.py:1434: NotImplementedError
--- generated xml file: /tmp/heat-index-audit-evidence/phase2-pinned-ci.xml ----
=========================== short test summary info ============================
SKIPPED [1] tests/test_v02_part_c_controller.py:134: Windows Tcl bootstrap
FAILED tests/test_v03_user_workflow.py::UserWorkflowTests::test_gui_pythonw_launcher_uses_console_python_for_child_logs
=========== 1 failed, 113 passed, 1 skipped, 6 deselected in 55.16s ============
